// Jest Snapshot v1, https://goo.gl/fbAQLP

exports[`should render ArrowNavigation component should contain .arrowNavigation wrapper 1`] = `
<div
  className="arrowNavigation"
>
  <img
    className="arrow arrowLeft"
    onClick={[Function]}
    src="test-file-stub"
  />
  <img
    className="arrow arrowRight"
    onClick={[Function]}
    src="test-file-stub"
  />
</div>
`;
